TAP version 13
# Subtest: invalid dimensions, budgets and unknown capabilities are rejected
ok 1 - invalid dimensions, budgets and unknown capabilities are rejected
  ---
  duration_ms: 1.350541
  type: 'test'
  ...
# Subtest: zero field remains stationary with zero pressure iterations
ok 2 - zero field remains stationary with zero pressure iterations
  ---
  duration_ms: 2.13434
  type: 'test'
  ...
# Subtest: nonuniform 3D field reaches measured divergence tolerance
ok 3 - nonuniform 3D field reaches measured divergence tolerance
  ---
  duration_ms: 22.829467
  type: 'test'
  ...
# Subtest: stationary one-cell solid wall has zero normal interface speed
ok 4 - stationary one-cell solid wall has zero normal interface speed
  ---
  duration_ms: 10.476468
  type: 'test'
  ...
# Subtest: irregular solid cluster and isolated cell use independent pressure gauges
ok 5 - irregular solid cluster and isolated cell use independent pressure gauges
  ---
  duration_ms: 2.051336
  type: 'test'
  ...
# Subtest: anisotropic voxel spacing uses three distinct finite difference scales
ok 6 - anisotropic voxel spacing uses three distinct finite difference scales
  ---
  duration_ms: 10.734696
  type: 'test'
  ...
# Subtest: pressure projection does not increase post-boundary kinetic energy
ok 7 - pressure projection does not increase post-boundary kinetic energy
  ---
  duration_ms: 16.211494
  type: 'test'
  ...
# Subtest: failed iteration budget returns no accepted velocity or pressure
ok 8 - failed iteration budget returns no accepted velocity or pressure
  ---
  duration_ms: 1.950183
  type: 'test'
  ...
# Subtest: input buffers remain byte-identical on success and failure
ok 9 - input buffers remain byte-identical on success and failure
  ---
  duration_ms: 3.171991
  type: 'test'
  ...
# Subtest: same CPU inputs reproduce pressure and velocity exactly
ok 10 - same CPU inputs reproduce pressure and velocity exactly
  ---
  duration_ms: 13.453846
  type: 'test'
  ...
# Subtest: density and timestep scale pressure while velocity projection stays invariant
ok 11 - density and timestep scale pressure while velocity projection stays invariant
  ---
  duration_ms: 7.845049
  type: 'test'
  ...
# Subtest: closed boundary sample mesh shares every top border vertex and includes a bottom
ok 12 - closed boundary sample mesh shares every top border vertex and includes a bottom
  ---
  duration_ms: 2.051826
  type: 'test'
  ...
# Subtest: removing one triangle is detected as open geometry
ok 13 - removing one triangle is detected as open geometry
  ---
  duration_ms: 0.299671
  type: 'test'
  ...
# Subtest: larger area increases cells at the same spacing instead of stretching the old grid
ok 14 - larger area increases cells at the same spacing instead of stretching the old grid
  ---
  duration_ms: 0.090546
  type: 'test'
  ...
# Subtest: fractured-solid prototype has closed faces and positive actual volume
ok 15 - fractured-solid prototype has closed faces and positive actual volume
  ---
  duration_ms: 4.125125
  type: 'test'
  ...
# Subtest: solid underside exists and all mesh vertices obey the collider plane source
ok 16 - solid underside exists and all mesh vertices obey the collider plane source
  ---
  duration_ms: 1.830893
  type: 'test'
  ...
# Subtest: changing the shape seed changes planes while preserving deterministic reconstruction
ok 17 - changing the shape seed changes planes while preserving deterministic reconstruction
  ---
  duration_ms: 3.699103
  type: 'test'
  ...
# Subtest: three-dimensional geometry cannot be approved by its topology checks alone
ok 18 - three-dimensional geometry cannot be approved by its topology checks alone
  ---
  duration_ms: 1.189269
  type: 'test'
  ...
# Subtest: particle deposition preserves represented mass weights on each staggered component
ok 19 - particle deposition preserves represented mass weights on each staggered component
  ---
  duration_ms: 0.854806
  type: 'test'
  ...
# Subtest: PIC samples new field and FLIP preserves particle velocity plus field change
ok 20 - PIC samples new field and FLIP preserves particle velocity plus field change
  ---
  duration_ms: 0.431679
  type: 'test'
  ...
# Subtest: trilinear interpolation recovers an interior affine velocity field
ok 21 - trilinear interpolation recovers an interior affine velocity field
  ---
  duration_ms: 0.442506
  type: 'test'
  ...
# Subtest: zero grid delta with full FLIP retains velocity and leaves particle sources unchanged
ok 22 - zero grid delta with full FLIP retains velocity and leaves particle sources unchanged
  ---
  duration_ms: 0.161794
  type: 'test'
  ...
# Subtest: outside particles and unsupported blend values fail explicitly
ok 23 - outside particles and unsupported blend values fail explicitly
  ---
  duration_ms: 0.13906
  type: 'test'
  ...
1..23
# tests 23
# suites 0
# pass 23
# fail 0
# cancelled 0
# skipped 0
# todo 0
# duration_ms 189.968958
