{
  "verifiedAt": "2026-10-01T03:00:45.810Z",
  "modes": [
    {
      "mode": "REST",
      "durationS": 20,
      "amplitude": 1.5,
      "finGain": 1.8,
      "maxAngleRad": 0,
      "passed": true
    },
    {
      "mode": "IDLE",
      "durationS": 20,
      "amplitude": 1.5,
      "finGain": 1.8,
      "maxAngleRad": 0.09951621597377396,
      "passed": true
    },
    {
      "mode": "CRUISE",
      "durationS": 20,
      "amplitude": 1.5,
      "finGain": 1.8,
      "maxAngleRad": 0.4781050053298182,
      "passed": true
    },
    {
      "mode": "GLIDE",
      "durationS": 20,
      "amplitude": 1.5,
      "finGain": 1.8,
      "maxAngleRad": 0.16056631590741993,
      "passed": true
    },
    {
      "mode": "BURST",
      "durationS": 20,
      "amplitude": 1.5,
      "finGain": 1.8,
      "maxAngleRad": 0.6816045174737867,
      "passed": true
    },
    {
      "mode": "STARTLE",
      "durationS": 20,
      "amplitude": 1.5,
      "finGain": 1.8,
      "maxAngleRad": 0.9027742997131316,
      "passed": true
    },
    {
      "mode": "TURN_LEFT",
      "durationS": 20,
      "amplitude": 1.5,
      "finGain": 1.8,
      "maxAngleRad": 0.6252556996360566,
      "passed": true
    },
    {
      "mode": "TURN_RIGHT",
      "durationS": 20,
      "amplitude": 1.5,
      "finGain": 1.8,
      "maxAngleRad": 0.6252556996360566,
      "passed": true
    },
    {
      "mode": "BRAKE",
      "durationS": 20,
      "amplitude": 1.5,
      "finGain": 1.8,
      "maxAngleRad": 0.6431164759192618,
      "passed": true
    },
    {
      "mode": "FEED",
      "durationS": 20,
      "amplitude": 1.5,
      "finGain": 1.8,
      "maxAngleRad": 0.4445222333145966,
      "passed": true
    },
    {
      "mode": "FIN_FAN",
      "durationS": 20,
      "amplitude": 1.5,
      "finGain": 1.8,
      "maxAngleRad": 0.7260648404361889,
      "passed": true
    },
    {
      "mode": "JAW",
      "durationS": 20,
      "amplitude": 1.5,
      "finGain": 1.8,
      "maxAngleRad": 0.005556526112746193,
      "passed": true
    },
    {
      "mode": "EYE_TRACK",
      "durationS": 20,
      "amplitude": 1.5,
      "finGain": 1.8,
      "maxAngleRad": 0,
      "passed": true
    },
    {
      "mode": "IMPULSE",
      "durationS": 20,
      "amplitude": 1.5,
      "finGain": 1.8,
      "maxAngleRad": 0.3405592023036593,
      "passed": true
    },
    {
      "mode": "PITCH_UP",
      "durationS": 20,
      "amplitude": 1.5,
      "finGain": 1.8,
      "maxAngleRad": 0.2917429825844099,
      "passed": true
    },
    {
      "mode": "PITCH_DOWN",
      "durationS": 20,
      "amplitude": 1.5,
      "finGain": 1.8,
      "maxAngleRad": 0.2917429825844099,
      "passed": true
    }
  ],
  "passed": true,
  "actualRenderedKinematics": {
    "rootErrorRad": 0,
    "tipVelocityErrorMps": 0,
    "passed": true
  }
}
