{
  "checks": {
    "posteriorDominates": true,
    "posteriorLateralIncreases": true,
    "posteriorPhaseTravels": true,
    "caudalConsumesPeduncle": true,
    "driveControlsBeatFrequency": true,
    "driveControlsAmplitude": true,
    "driveControlsSpeedResponse": true,
    "zeroDriveRelaxes": true
  },
  "passed": true,
  "headAngleRad": 0.0000021430599150848577,
  "peduncleAngleRad": 0.1608588703471177,
  "phase": [
    -1.9945023500189,
    -2.43907529792308,
    -3.0889654898140004,
    -3.803570595563263,
    -4.54801259579779,
    -4.790443682118187,
    -5.6822427873973815,
    -6.022707486393114
  ],
  "amplitudes": [
    0.00025296554567842206,
    0.0011616015792365482,
    0.0033668043532977207,
    0.00746695540729148,
    0.014046712903886866,
    0.016787502155915776,
    0.03116221432912949,
    0.04053901289550332
  ],
  "frequencies": [
    0.8662500000000033,
    1.05,
    1.2337499999999935
  ],
  "speeds": [
    0.09427203158005848,
    0.3322038493840949,
    0.6537683287869037
  ],
  "zeroDrive": {
    "maxBodyAngle": 1.8510904074979252e-33,
    "speedMps": 0.0008494615455132698
  }
}
