{
  "startedAt": "2026-10-01T03:15:15.825Z",
  "abi": "KFC8",
  "checks": {
    "sourceGeometryAtlasAndBindingsUnchanged": {
      "passed": true,
      "vertices": 497701,
      "triangles": 964285,
      "payloadSha256": "0510c0c125e4c9fb99934b76d7c64dba3d55420563bb7d550fdc9724534d004f"
    },
    "finGainsCannotAlterBody": {
      "passed": true,
      "sampledBodyVertices": 256,
      "maxBodyDeltaM": 0
    },
    "obsoleteBodyHeadMasksCannotAlterTransport": {
      "passed": true,
      "maxDeltaM": 0
    },
    "modeSwitchPreservesSpineAndVelocity": {
      "passed": true,
      "modeTime": 0,
      "totalTime": 1.9999999999999942
    },
    "fullSectionsRemainRigid": {
      "passed": true,
      "rigidErrorM": 1.3877787807814457e-17,
      "orthogonality": 0
    },
    "allSevenFinsIndependent": {
      "passed": true,
      "fins": [
        {
          "id": 1,
          "label": "pectoralPositive",
          "tipVertex": 17440,
          "tipParameter": 1,
          "tipDeltaM": 0.02361726193498949,
          "rootDeltaM": 0,
          "otherFinMax": 0,
          "bodyMax": 0
        },
        {
          "id": 2,
          "label": "pectoralNegative",
          "tipVertex": 388586,
          "tipParameter": 1,
          "tipDeltaM": 0.01708413197804103,
          "rootDeltaM": 0,
          "otherFinMax": 0,
          "bodyMax": 0
        },
        {
          "id": 3,
          "label": "dorsalAnterior",
          "tipVertex": 495768,
          "tipParameter": 1,
          "tipDeltaM": 0.010957780404309966,
          "rootDeltaM": 0,
          "otherFinMax": 0,
          "bodyMax": 0
        },
        {
          "id": 4,
          "label": "dorsalPosterior",
          "tipVertex": 143506,
          "tipParameter": 1,
          "tipDeltaM": 0.010741307478552127,
          "rootDeltaM": 0,
          "otherFinMax": 0,
          "bodyMax": 0
        },
        {
          "id": 5,
          "label": "pelvic",
          "tipVertex": 1491,
          "tipParameter": 1,
          "tipDeltaM": 0.009429099064825539,
          "rootDeltaM": 0,
          "otherFinMax": 0,
          "bodyMax": 0
        },
        {
          "id": 6,
          "label": "anal",
          "tipVertex": 78318,
          "tipParameter": 1,
          "tipDeltaM": 0.01516855654171429,
          "rootDeltaM": 0,
          "otherFinMax": 0,
          "bodyMax": 0
        },
        {
          "id": 7,
          "label": "caudal",
          "tipVertex": 441261,
          "tipParameter": 1,
          "tipDeltaM": 0.02093376010778449,
          "rootDeltaM": 0,
          "otherFinMax": 0,
          "bodyMax": 0
        }
      ]
    },
    "sixteenModesFinite": {
      "passed": true,
      "modes": [
        {
          "mode": "REST",
          "finite": true
        },
        {
          "mode": "IDLE",
          "finite": true
        },
        {
          "mode": "CRUISE",
          "finite": true
        },
        {
          "mode": "GLIDE",
          "finite": true
        },
        {
          "mode": "BURST",
          "finite": true
        },
        {
          "mode": "STARTLE",
          "finite": true
        },
        {
          "mode": "TURN_LEFT",
          "finite": true
        },
        {
          "mode": "TURN_RIGHT",
          "finite": true
        },
        {
          "mode": "BRAKE",
          "finite": true
        },
        {
          "mode": "FEED",
          "finite": true
        },
        {
          "mode": "FIN_FAN",
          "finite": true
        },
        {
          "mode": "JAW",
          "finite": true
        },
        {
          "mode": "EYE_TRACK",
          "finite": true
        },
        {
          "mode": "IMPULSE",
          "finite": true
        },
        {
          "mode": "PITCH_UP",
          "finite": true
        },
        {
          "mode": "PITCH_DOWN",
          "finite": true
        }
      ]
    },
    "fixedStepReplay": {
      "passed": true,
      "durationS": 2,
      "steps": "120x1/60 versus 60x1/30"
    },
    "eyesIndependentOfBody": {
      "passed": true,
      "eyeBefore": [
        0.24375285,
        0.10486812,
        0.55000049
      ],
      "eyeAfter": [
        0.13185001,
        0.01621307,
        0.55
      ]
    }
  },
  "humanAcceptance": false,
  "passed": true,
  "finishedAt": "2026-10-01T03:15:20.586Z"
}
