{"mode":"REST","gain":0,"phases":2,"maxGapM":1.0487618509190228e-7,"passed":true}
{"mode":"REST","gain":1,"phases":2,"maxGapM":1.0487618509190228e-7,"passed":true}
{"mode":"REST","gain":1.8,"phases":2,"maxGapM":1.0487618509190228e-7,"passed":true}
{"mode":"IDLE","gain":0,"phases":2,"maxGapM":1.0479874366893161e-7,"passed":true}
{"mode":"IDLE","gain":1,"phases":2,"maxGapM":1.0477816471550158e-7,"passed":true}
{"mode":"IDLE","gain":1.8,"phases":2,"maxGapM":1.0476165544643388e-7,"passed":true}
{"mode":"CRUISE","gain":0,"phases":2,"maxGapM":1.0535739445866258e-7,"passed":true}
{"mode":"CRUISE","gain":1,"phases":2,"maxGapM":1.0637755636031422e-7,"passed":true}
{"mode":"CRUISE","gain":1.8,"phases":2,"maxGapM":1.0696289811198943e-7,"passed":true}
{"mode":"GLIDE","gain":0,"phases":2,"maxGapM":1.0487618509190228e-7,"passed":true}
{"mode":"GLIDE","gain":1,"phases":2,"maxGapM":1.0487618509190228e-7,"passed":true}
{"mode":"GLIDE","gain":1.8,"phases":2,"maxGapM":1.0487618509190228e-7,"passed":true}
{"mode":"BURST","gain":0,"phases":2,"maxGapM":1.0487618509190228e-7,"passed":true}
{"mode":"BURST","gain":1,"phases":2,"maxGapM":1.0487618509190228e-7,"passed":true}
{"mode":"BURST","gain":1.8,"phases":2,"maxGapM":1.0487618509293439e-7,"passed":true}
{"mode":"STARTLE","gain":0,"phases":2,"maxGapM":1.0511330326599076e-7,"passed":true}
{"mode":"STARTLE","gain":1,"phases":2,"maxGapM":1.0590305490560353e-7,"passed":true}
{"mode":"STARTLE","gain":1.8,"phases":2,"maxGapM":1.0618504043848236e-7,"passed":true}
{"mode":"TURN_LEFT","gain":0,"phases":2,"maxGapM":1.0516205223938303e-7,"passed":true}
{"mode":"TURN_LEFT","gain":1,"phases":2,"maxGapM":1.0568353247236606e-7,"passed":true}
{"mode":"TURN_LEFT","gain":1.8,"phases":2,"maxGapM":1.0604653853699515e-7,"passed":true}
{"mode":"TURN_RIGHT","gain":0,"phases":2,"maxGapM":1.0491636511674535e-7,"passed":true}
{"mode":"TURN_RIGHT","gain":1,"phases":2,"maxGapM":1.0638825121433572e-7,"passed":true}
{"mode":"TURN_RIGHT","gain":1.8,"phases":2,"maxGapM":1.0715505812210865e-7,"passed":true}
{"mode":"BRAKE","gain":0,"phases":2,"maxGapM":1.048628466822817e-7,"passed":true}
{"mode":"BRAKE","gain":1,"phases":2,"maxGapM":1.0486334767801682e-7,"passed":true}
{"mode":"BRAKE","gain":1.8,"phases":2,"maxGapM":1.0486374850927458e-7,"passed":true}
{"mode":"FEED","gain":0,"phases":2,"maxGapM":1.0489300654563457e-7,"passed":true}
{"mode":"FEED","gain":1,"phases":2,"maxGapM":1.0487618509190228e-7,"passed":true}
{"mode":"FEED","gain":1.8,"phases":2,"maxGapM":1.0487618509293439e-7,"passed":true}
{"mode":"FIN_FAN","gain":0,"phases":2,"maxGapM":1.0487618509190228e-7,"passed":true}
{"mode":"FIN_FAN","gain":1,"phases":2,"maxGapM":1.0750115224050466e-7,"passed":true}
{"mode":"FIN_FAN","gain":1.8,"phases":2,"maxGapM":1.0765844552927737e-7,"passed":true}
{"mode":"JAW","gain":0,"phases":2,"maxGapM":1.0487618509190228e-7,"passed":true}
{"mode":"JAW","gain":1,"phases":2,"maxGapM":1.0487618509190228e-7,"passed":true}
{"mode":"JAW","gain":1.8,"phases":2,"maxGapM":1.0487618509190228e-7,"passed":true}
{"mode":"EYE_TRACK","gain":0,"phases":2,"maxGapM":1.0487618509190228e-7,"passed":true}
{"mode":"EYE_TRACK","gain":1,"phases":2,"maxGapM":1.0487618509190228e-7,"passed":true}
{"mode":"EYE_TRACK","gain":1.8,"phases":2,"maxGapM":1.0487618509190228e-7,"passed":true}
{"mode":"IMPULSE","gain":0,"phases":2,"maxGapM":1.0487618509190228e-7,"passed":true}
{"mode":"IMPULSE","gain":1,"phases":2,"maxGapM":1.048762021745294e-7,"passed":true}
{"mode":"IMPULSE","gain":1.8,"phases":2,"maxGapM":1.048762183255294e-7,"passed":true}
{"mode":"PITCH_UP","gain":0,"phases":2,"maxGapM":1.0497219307811789e-7,"passed":true}
{"mode":"PITCH_UP","gain":1,"phases":2,"maxGapM":1.0506889313541732e-7,"passed":true}
{"mode":"PITCH_UP","gain":1.8,"phases":2,"maxGapM":1.051528478703249e-7,"passed":true}
{"mode":"PITCH_DOWN","gain":0,"phases":2,"maxGapM":1.0422071068848475e-7,"passed":true}
{"mode":"PITCH_DOWN","gain":1,"phases":2,"maxGapM":1.0432423790548498e-7,"passed":true}
{"mode":"PITCH_DOWN","gain":1.8,"phases":2,"maxGapM":1.044029791232502e-7,"passed":true}
{"passed":true,"pairs":15512,"worst":{"gapM":1.0765844552927737e-7,"mode":"FIN_FAN","gain":1.8,"phase":1,"a":111293,"b":278837},"improvementRatio":16114.153209827102}
